global_palette.h
global_palette.c
blank_card.h
blank_card.c
medium_heart.h
medium_heart.c
red_a.h
red_a.c
red_2.h
red_2.c
red_3.h
red_3.c
red_4.h
red_4.c
red_5.h
red_5.c
red_6.h
red_6.c
red_7.h
red_7.c
red_8.h
red_8.c
red_9.h
red_9.c
red_10.h
red_10.c
red_j.h
red_j.c
red_q.h
red_q.c
red_k.h
red_k.c
orange_a.h
orange_a.c
orange_2.h
orange_2.c
orange_3.h
orange_3.c
orange_4.h
orange_4.c
orange_5.h
orange_5.c
orange_6.h
orange_6.c
orange_7.h
orange_7.c
orange_8.h
orange_8.c
orange_9.h
orange_9.c
orange_10.h
orange_10.c
orange_j.h
orange_j.c
orange_q.h
orange_q.c
orange_k.h
orange_k.c
green_a.h
green_a.c
green_2.h
green_2.c
green_3.h
green_3.c
green_4.h
green_4.c
green_5.h
green_5.c
green_6.h
green_6.c
green_7.h
green_7.c
green_8.h
green_8.c
green_9.h
green_9.c
green_10.h
green_10.c
green_j.h
green_j.c
green_q.h
green_q.c
green_k.h
green_k.c
blue_a.h
blue_a.c
blue_2.h
blue_2.c
blue_3.h
blue_3.c
blue_4.h
blue_4.c
blue_5.h
blue_5.c
blue_6.h
blue_6.c
blue_7.h
blue_7.c
blue_8.h
blue_8.c
blue_9.h
blue_9.c
blue_10.h
blue_10.c
blue_j.h
blue_j.c
blue_q.h
blue_q.c
blue_k.h
blue_k.c
gfx.h
